// Jest Snapshot v1, https://goo.gl/fbAQLP

exports[`Cart checkout() should return an object wih the total and the list of items 1`] = `
{
  "items": [
    {
      "product": {
        "price": 35388,
        "title": "Adidas running shoes - me",
      },
      "quantity": 2,
    },
    {
      "product": {
        "price": 5000,
        "title": "Mizuno running shoes - me",
      },
      "quantity": 3,
    },
  ],
  "total": 85776,
}
`;

exports[`Cart checkout() should return an object wih the total and the list of items when sumary () is called  1`] = `
{
  "items": [
    {
      "product": {
        "price": 35388,
        "title": "Adidas running shoes - me",
      },
      "quantity": 2,
    },
    {
      "product": {
        "price": 5000,
        "title": "Mizuno running shoes - me",
      },
      "quantity": 3,
    },
  ],
  "total": 85776,
}
`;
